MO fifo_xclk NULL ipcore_dir/fifo_xclk.v vlg65/fifo__xclk.bin 1461796098
MO vga_clk_gen NULL vga_clk_gen.v vlg48/vga__clk__gen.bin 1461796098
MO frame_cell NULL src/FrameBuffer/frame_cell.v vlg66/frame__cell.bin 1461796097
MO dvi_framebuffer_synthesis_test NULL src/DVI_FrameBuffer/TestSynthesis/dvi_framebuffer_synthesis_test.v vlg37/dvi__framebuffer__synthesis__test.bin 1461796098
MO color_palette NULL src/DVI/color_palette.v vlg61/color__palette.bin 1461796098
MO dvi_framebuffer_top_level NULL src/DVI_FrameBuffer/dvi_framebuffer_top_level.v vlg10/dvi__framebuffer__top__level.bin 1461796098
MO frame_cell_block NULL ipcore_dir/frame_cell_block.v vlg70/frame__cell__block.bin 1461796097
MO fake_rasterizer NULL src/DVI_FrameBuffer/TestSynthesis/fake_rasterizer.v vlg19/fake__rasterizer.bin 1461796098
MO vga_logic NULL src/DVI/vga_logic.v vlg43/vga__logic.bin 1461796097
MO dvi_ifc NULL src/DVI/dvi_ifc.v vlg50/dvi__ifc.bin 1461796098
MO display_top_level NULL src/DVI/display_top_level.v vlg23/display__top__level.bin 1461796098
MO logic_time_wrapper NULL src/DVI/logic_time_wrapper.v vlg28/logic__time__wrapper.bin 1461796098
MO frame_buffer NULL src/FrameBuffer/frame_buffer.v vlg38/frame__buffer.bin 1461796098
